// Jest Snapshot v1, https://goo.gl/fbAQLP

exports[`ActionList should show error if no actions provided 1`] = `
<div
  className="noActionMessage"
>
  <div>
    Click the 
    '+'
     button to create an action.
  </div>
</div>
`;
